🧪 Starting Forensic E2E Certification (V3.2)...
🏗️  Step 1: Initializing clean environment...
✍️  Step 2: Simulating Origin Mutation (Module 1 -> Module 2)...
   - Sending Sync Package: Case dd8a57e0-2d58-4b71-bca9-0b630d6dfe2a, Event c96b4c95-2ea8-49f1-b5b0-c0eff82d9f62
   ✅ Sync accepted by Hardened Engine.
📸 Step 3: Generating Source Fingerprint (Node A)...
🔬 Starting Forensic State Hash Protocol (Docker)...
📂 Extracting canonical data snapshots from intake-db...
   - Mapping clinical_cases...
   - Mapping case_event_log...
   - Mapping clinical_case_attachments...
   - Mapping clients...
   - Mapping intakes...
   - Mapping intake_assessments...
💎 Generating SHA256 State Fingerprint...
✅ Forensic Protocol Complete.
   Artifact: forensic_state_20260224_132547.json
   State Hash: 659fd7661154c4804c0cfeb8e841df6af2888d5068542d4c52693b6060eee597
   - Hash A: 659fd7661154c4804c0cfeb8e841df6af2888d5068542d4c52693b6060eee597
🧨 Step 4: Simulating Nuclear Destruction (Wiping Node A Domain)...
ERROR:  Forensic Violation: Table case_event_log is immutable. Modification or deletion is strictly forbidden.
CONTEXT:  PL/pgSQL function protect_immutable_ledger() line 3 at RAISE
SQL statement "DELETE FROM ONLY "public"."case_event_log" WHERE $1 OPERATOR(pg_catalog.=) "case_id""
