🧪 Starting Forensic E2E Certification (V3.2)...
🏗️  Step 1: Initializing clean environment...
✍️  Step 2: Simulating Origin Mutation (Module 1 -> Module 2)...
   - Sending Sync Package: Case 8ebd80a7-1af7-4170-b506-ed6709d0b62f, Event f1f2ed86-0820-4599-b77f-9cdc217cbcad
   ✅ Sync accepted by Hardened Engine.
📸 Step 3: Generating Source Fingerprint (Node A)...
🔬 Starting Forensic State Hash Protocol (Docker)...
📂 Extracting canonical data snapshots from intake-db...
   - Mapping clinical_cases...
   - Mapping case_event_log...
   - Mapping clinical_case_attachments...
   - Mapping clients...
   - Mapping intakes...
   - Mapping intake_assessments...
💎 Generating SHA256 State Fingerprint...
✅ Forensic Protocol Complete.
   Artifact: forensic_state_20260224_132818.json
   State Hash: e6212b621cae691d63faa7f6e389b88f695b0f6802043f8eae68f4ce7ac0129f
   - Hash A: e6212b621cae691d63faa7f6e389b88f695b0f6802043f8eae68f4ce7ac0129f
🧨 Step 4: Simulating Nuclear Destruction (Wiping Node A Domain)...
ERROR:  update or delete on table "clinical_cases" violates foreign key constraint "case_event_log_case_id_fkey" on table "case_event_log"
DETAIL:  Key (id)=(8ebd80a7-1af7-4170-b506-ed6709d0b62f) is still referenced from table "case_event_log".
