🧪 Starting Forensic E2E Certification (V3.2)...
🏗️  Step 1: Initializing clean environment...
✍️  Step 2: Simulating Origin Mutation (Module 1 -> Module 2)...
   - Sending Sync Package: Case 67ae7a04-7fea-442e-bbec-4f205affb802, Event 53e9b17f-d6a9-4e9a-964d-01c8b88725d3
   ✅ Sync accepted by Hardened Engine.
📸 Step 3: Generating Source Fingerprint (Node A)...
🔬 Starting Forensic State Hash Protocol (Docker)...
📂 Extracting canonical data snapshots from intake-db...
   - Mapping clinical_cases...
   - Mapping case_event_log...
   - Mapping clinical_case_attachments...
   - Mapping clients...
   - Mapping intakes...
   - Mapping intake_assessments...
💎 Generating SHA256 State Fingerprint...
✅ Forensic Protocol Complete.
   Artifact: forensic_state_20260224_132655.json
   State Hash: af4a5ef4c50e51a3eaf78c48643ae7d0251e1fdb59bb3be8af8467b5970c0365
   - Hash A: af4a5ef4c50e51a3eaf78c48643ae7d0251e1fdb59bb3be8af8467b5970c0365
🧨 Step 4: Simulating Nuclear Destruction (Wiping Node A Domain)...
🔄 Step 5: Executing Forensic Replay (Module 3)...
📸 Step 6: Generating Replica Fingerprint (Node B)...
🔬 Starting Forensic State Hash Protocol (Docker)...
📂 Extracting canonical data snapshots from intake-db...
   - Mapping clinical_cases...
   - Mapping case_event_log...
   - Mapping clinical_case_attachments...
   - Mapping clients...
   - Mapping intakes...
   - Mapping intake_assessments...
💎 Generating SHA256 State Fingerprint...
✅ Forensic Protocol Complete.
   Artifact: forensic_state_20260224_132656.json
   State Hash: 034c99caf4989c8921f2275e6b3debb4d4ed272adc6000950821dce63b4ce8cf
   - Hash B: 034c99caf4989c8921f2275e6b3debb4d4ed272adc6000950821dce63b4ce8cf
⚖️  Step 7: Comparing Proofs...
❌ CERTIFICATION FAILED: Entropy Detected.
--- BIT-LEVEL DIFF ---
2d1
< {"created_at":"2026-02-24T13:26:55+00:00","device_id":"132b9db1-8744-4be8-b71b-079f89d32ad2","id":"67ae7a04-7fea-442e-bbec-4f205affb802","status":"draft","updated_at":"2026-02-24T13:26:55+00:00","updated_by":"00000000-0000-0000-0000-000000000000","version":1}
4d2
< {"base_version":0,"case_id":"67ae7a04-7fea-442e-bbec-4f205affb802","created_at":"2026-02-24T13:26:55+00:00","device_id":"132b9db1-8744-4be8-b71b-079f89d32ad2","event_type":"CASE_MUTATION","id":"53e9b17f-d6a9-4e9a-964d-01c8b88725d3","new_version":1,"payload":{"clinical":{"primaryDiagnosisCode":"F10.1"},"identity":{"clientName":"Forensic Test Case"}},"user_id":"00000000-0000-0000-0000-000000000000"}
