🧪 Starting Forensic E2E Certification (V3.2)...
🏗️  Step 1: Initializing clean environment...
✍️  Step 2: Simulating Origin Mutation (Module 1 -> Module 2)...
   - Sending Sync Package: Case 0d6edfb8-8c60-440e-a5ef-c554fa3c3a56, Event 2a68a060-6d87-444b-afd2-f17a8a01095a
   ✅ Sync accepted by Hardened Engine.
📸 Step 3: Generating Source Fingerprint (Node A)...
🔬 Starting Forensic State Hash Protocol (Docker)...
📂 Extracting canonical data snapshots from intake-db...
   - Mapping clinical_cases...
   - Mapping case_event_log...
   - Mapping clinical_case_attachments...
   - Mapping clients...
   - Mapping intakes...
   - Mapping intake_assessments...
💎 Generating SHA256 State Fingerprint...
✅ Forensic Protocol Complete.
   Artifact: forensic_state_20260224_132525.json
   State Hash: 960259a94ca20f509bd0c4ddcd691f13f482d1648376e11c2dd3f448d891777e
   - Hash A: 960259a94ca20f509bd0c4ddcd691f13f482d1648376e11c2dd3f448d891777e
🧨 Step 4: Simulating Nuclear Destruction (Wiping Node A)...
ERROR:  Forensic Violation: Table case_event_log is immutable. Modification or deletion is strictly forbidden.
CONTEXT:  PL/pgSQL function protect_immutable_ledger() line 3 at RAISE
SQL statement "DELETE FROM ONLY "public"."case_event_log" WHERE $1 OPERATOR(pg_catalog.=) "case_id""
