🧪 Starting Forensic E2E Certification (V3.2)...
🏗️  Step 1: Initializing clean environment...
✍️  Step 2: Simulating Origin Mutation (Module 1 -> Module 2)...
   - Sending Sync Package: Case 98913698-0c7b-44c1-a7a1-137b53d001c4, Event d504db00-e466-4e30-a89e-11296c90766c
   ✅ Sync accepted by Hardened Engine.
📸 Step 3: Generating Source Fingerprint (Node A)...
🔬 Starting Forensic State Hash Protocol (Docker)...
📂 Extracting canonical data snapshots from intake-db...
   - Mapping clinical_cases...
   - Mapping case_event_log...
   - Mapping clinical_case_attachments...
   - Mapping clients...
   - Mapping intakes...
   - Mapping intake_assessments...
💎 Generating SHA256 State Fingerprint...
✅ Forensic Protocol Complete.
   Artifact: forensic_state_20260224_133821.json
   State Hash: 328ea25739424a7fd6acab204336c11bc16879931b1d7596955210d417896ed0
   - Hash A: 328ea25739424a7fd6acab204336c11bc16879931b1d7596955210d417896ed0
🧨 Step 4: Simulating Nuclear Destruction (Wiping Node A Domain)...
🔄 Step 5: Executing Forensic Replay (Module 3)...
📸 Step 6: Generating Replica Fingerprint (Node B)...
🔬 Starting Forensic State Hash Protocol (Docker)...
📂 Extracting canonical data snapshots from intake-db...
   - Mapping clinical_cases...
   - Mapping case_event_log...
   - Mapping clinical_case_attachments...
   - Mapping clients...
   - Mapping intakes...
   - Mapping intake_assessments...
💎 Generating SHA256 State Fingerprint...
✅ Forensic Protocol Complete.
   Artifact: forensic_state_20260224_133821.json
   State Hash: 328ea25739424a7fd6acab204336c11bc16879931b1d7596955210d417896ed0
   - Hash B: 328ea25739424a7fd6acab204336c11bc16879931b1d7596955210d417896ed0
⚖️  Step 7: Comparing Proofs...
🏆 CERTIFICATION SUCCESS: Mathematical Determinism Proven.
   Convergence Hash: 328ea25739424a7fd6acab204336c11bc16879931b1d7596955210d417896ed0
