🧪 Starting Forensic E2E Certification (V3.2)...
🏗️  Step 1: Initializing clean environment...
✍️  Step 2: Simulating Origin Mutation (Module 1 -> Module 2)...
   - Sending Sync Package: Case 6864b0e0-ec7f-4ebd-a3a1-e49a3d2c3bfc, Event 95db6b99-cd28-4b84-ae61-eec165c2fb48
   ✅ Sync accepted by Hardened Engine.
📸 Step 3: Generating Source Fingerprint (Node A)...
🔬 Starting Forensic State Hash Protocol (Docker)...
📂 Extracting canonical data snapshots from intake-db...
   - Mapping clinical_cases...
   - Mapping case_event_log...
   - Mapping clinical_case_attachments...
   - Mapping clients...
   - Mapping intakes...
   - Mapping intake_assessments...
💎 Generating SHA256 State Fingerprint...
✅ Forensic Protocol Complete.
   Artifact: forensic_state_20260224_132614.json
   State Hash: e6719dbffebdc29bf3dfa0a8cb12b77b4b386615ec9f6a0ec5643c2365748a53
   - Hash A: e6719dbffebdc29bf3dfa0a8cb12b77b4b386615ec9f6a0ec5643c2365748a53
🧨 Step 4: Simulating Nuclear Destruction (Wiping Node A Domain)...
🔄 Step 5: Executing Forensic Replay (Module 3)...
📸 Step 6: Generating Replica Fingerprint (Node B)...
🔬 Starting Forensic State Hash Protocol (Docker)...
📂 Extracting canonical data snapshots from intake-db...
   - Mapping clinical_cases...
   - Mapping case_event_log...
   - Mapping clinical_case_attachments...
   - Mapping clients...
   - Mapping intakes...
   - Mapping intake_assessments...
💎 Generating SHA256 State Fingerprint...
✅ Forensic Protocol Complete.
   Artifact: forensic_state_20260224_132614.json
   State Hash: 034c99caf4989c8921f2275e6b3debb4d4ed272adc6000950821dce63b4ce8cf
   - Hash B: 034c99caf4989c8921f2275e6b3debb4d4ed272adc6000950821dce63b4ce8cf
⚖️  Step 7: Comparing Proofs...
❌ CERTIFICATION FAILED: Entropy Detected.
