🧪 Starting Forensic E2E Certification (V3.2)...
🏗️  Step 1: Initializing clean environment...
✍️  Step 2: Simulating Origin Mutation (Module 1 -> Module 2)...
   - Sending Sync Package: Case 9518bad3-2a80-4e87-8263-dcbb02ca735d, Event a6c24a4c-cc0a-4e68-9436-cd602bf26d1f
   ✅ Sync accepted by Hardened Engine.
📸 Step 3: Generating Source Fingerprint (Node A)...
🔬 Starting Forensic State Hash Protocol (Docker)...
📂 Extracting canonical data snapshots from intake-db...
   - Mapping clinical_cases...
   - Mapping case_event_log...
   - Mapping clinical_case_attachments...
   - Mapping clients...
   - Mapping intakes...
   - Mapping intake_assessments...
💎 Generating SHA256 State Fingerprint...
✅ Forensic Protocol Complete.
   Artifact: forensic_state_20260224_133024.json
   State Hash: 82f9b56528312a8cbc0e8ec2387cf0df6fd8f7657a7890fae64b6d68ffa8f090
   - Hash A: 82f9b56528312a8cbc0e8ec2387cf0df6fd8f7657a7890fae64b6d68ffa8f090
🧨 Step 4: Simulating Nuclear Destruction (Wiping Node A Domain)...
🔄 Step 5: Executing Forensic Replay (Module 3)...
📸 Step 6: Generating Replica Fingerprint (Node B)...
🔬 Starting Forensic State Hash Protocol (Docker)...
📂 Extracting canonical data snapshots from intake-db...
   - Mapping clinical_cases...
   - Mapping case_event_log...
   - Mapping clinical_case_attachments...
   - Mapping clients...
   - Mapping intakes...
   - Mapping intake_assessments...
💎 Generating SHA256 State Fingerprint...
✅ Forensic Protocol Complete.
   Artifact: forensic_state_20260224_133025.json
   State Hash: 82f9b56528312a8cbc0e8ec2387cf0df6fd8f7657a7890fae64b6d68ffa8f090
   - Hash B: 82f9b56528312a8cbc0e8ec2387cf0df6fd8f7657a7890fae64b6d68ffa8f090
⚖️  Step 7: Comparing Proofs...
🏆 CERTIFICATION SUCCESS: Mathematical Determinism Proven.
   Convergence Hash: 82f9b56528312a8cbc0e8ec2387cf0df6fd8f7657a7890fae64b6d68ffa8f090
