[dotenv@17.3.1] injecting env (8) from .env.local -- tip: ⚡️ secrets for agents: https://dotenvx.com/as2
[2026-02-17T22:50:17.986Z] Autosave daemon started. Interval: 120s
[2026-02-17T22:52:18.087Z] Starting autosave cycle...
[2026-02-17T22:52:18.125Z] Changes detected. Creating autosave commit...
[2026-02-17T22:52:18.189Z] Git commit successful on branch: work-in-progress
[2026-02-17T22:52:18.190Z] Triggering database backup...
📦 Starting database backup: 2026-02-17

  Backing up clients...
  ✅ Backed up clients: 5 records
  Backing up intakes...
  ✅ Backed up intakes: 5 records
  Backing up client_assignments...
  ❌ Error backing up client_assignments: Could not find the table 'public.client_assignments' in the schema cache
  Backing up supervisor_actions...
  ❌ Error backing up supervisor_actions: Could not find the table 'public.supervisor_actions' in the schema cache
  Backing up profiles...
  ✅ Backed up profiles: 4 records
  Backing up notifications...
  ✅ Backed up notifications: 0 records

✅ Backup complete! Files saved to: /home/kfussell/Documents/Intake/backups/2026-02-17
[2026-02-17T22:52:19.124Z] Database backup successful.
[2026-02-17T22:54:18.187Z] Starting autosave cycle...
[2026-02-17T22:54:18.239Z] Changes detected. Creating autosave commit...
[2026-02-17T22:54:18.303Z] Git commit successful on branch: work-in-progress
[2026-02-17T22:54:18.303Z] Triggering database backup...
📦 Starting database backup: 2026-02-17

  Backing up clients...
  ✅ Backed up clients: 5 records
  Backing up intakes...
  ✅ Backed up intakes: 5 records
  Backing up client_assignments...
  ❌ Error backing up client_assignments: Could not find the table 'public.client_assignments' in the schema cache
  Backing up supervisor_actions...
  ❌ Error backing up supervisor_actions: Could not find the table 'public.supervisor_actions' in the schema cache
  Backing up profiles...
  ✅ Backed up profiles: 4 records
  Backing up notifications...
  ✅ Backed up notifications: 0 records

✅ Backup complete! Files saved to: /home/kfussell/Documents/Intake/backups/2026-02-17
[2026-02-17T22:54:19.629Z] Database backup successful.
[2026-02-17T22:56:18.192Z] Starting autosave cycle...
[2026-02-17T22:56:18.227Z] Changes detected. Creating autosave commit...
[2026-02-17T22:56:18.285Z] Git commit successful on branch: work-in-progress
[2026-02-17T22:56:18.285Z] Triggering database backup...
📦 Starting database backup: 2026-02-17

  Backing up clients...
  ✅ Backed up clients: 5 records
  Backing up intakes...
  ✅ Backed up intakes: 5 records
  Backing up client_assignments...
  ❌ Error backing up client_assignments: Could not find the table 'public.client_assignments' in the schema cache
  Backing up supervisor_actions...
  ❌ Error backing up supervisor_actions: Could not find the table 'public.supervisor_actions' in the schema cache
  Backing up profiles...
  ✅ Backed up profiles: 4 records
  Backing up notifications...
  ✅ Backed up notifications: 0 records

✅ Backup complete! Files saved to: /home/kfussell/Documents/Intake/backups/2026-02-17
[2026-02-17T22:56:19.487Z] Database backup successful.
[2026-02-17T22:58:18.195Z] Starting autosave cycle...
[2026-02-17T22:58:18.229Z] Changes detected. Creating autosave commit...
[2026-02-17T22:58:18.293Z] Git commit successful on branch: work-in-progress
[2026-02-17T22:58:18.294Z] Triggering database backup...
📦 Starting database backup: 2026-02-17

  Backing up clients...
  ✅ Backed up clients: 5 records
  Backing up intakes...
  ✅ Backed up intakes: 5 records
  Backing up client_assignments...
  ❌ Error backing up client_assignments: Could not find the table 'public.client_assignments' in the schema cache
  Backing up supervisor_actions...
  ❌ Error backing up supervisor_actions: Could not find the table 'public.supervisor_actions' in the schema cache
  Backing up profiles...
  ✅ Backed up profiles: 4 records
  Backing up notifications...
  ✅ Backed up notifications: 0 records

✅ Backup complete! Files saved to: /home/kfussell/Documents/Intake/backups/2026-02-17
[2026-02-17T22:58:19.707Z] Database backup successful.
[2026-02-17T23:00:18.196Z] Starting autosave cycle...
[2026-02-17T23:00:18.235Z] Changes detected. Creating autosave commit...
[2026-02-17T23:00:18.299Z] Git commit successful on branch: work-in-progress
[2026-02-17T23:00:18.300Z] Triggering database backup...
📦 Starting database backup: 2026-02-17

  Backing up clients...
  ✅ Backed up clients: 5 records
  Backing up intakes...
  ✅ Backed up intakes: 5 records
  Backing up client_assignments...
  ❌ Error backing up client_assignments: Could not find the table 'public.client_assignments' in the schema cache
  Backing up supervisor_actions...
  ❌ Error backing up supervisor_actions: Could not find the table 'public.supervisor_actions' in the schema cache
  Backing up profiles...
  ✅ Backed up profiles: 4 records
  Backing up notifications...
  ✅ Backed up notifications: 0 records

✅ Backup complete! Files saved to: /home/kfussell/Documents/Intake/backups/2026-02-17
[2026-02-17T23:00:19.742Z] Database backup successful.
[2026-02-17T23:02:18.196Z] Starting autosave cycle...
[2026-02-17T23:02:18.253Z] Changes detected. Creating autosave commit...
[2026-02-17T23:02:18.318Z] Git commit successful on branch: work-in-progress
[2026-02-17T23:02:18.318Z] Triggering database backup...
📦 Starting database backup: 2026-02-17

  Backing up clients...
  ✅ Backed up clients: 5 records
  Backing up intakes...
  ✅ Backed up intakes: 5 records
  Backing up client_assignments...
  ❌ Error backing up client_assignments: Could not find the table 'public.client_assignments' in the schema cache
  Backing up supervisor_actions...
  ❌ Error backing up supervisor_actions: Could not find the table 'public.supervisor_actions' in the schema cache
  Backing up profiles...
  ✅ Backed up profiles: 4 records
  Backing up notifications...
  ✅ Backed up notifications: 0 records

✅ Backup complete! Files saved to: /home/kfussell/Documents/Intake/backups/2026-02-17
[2026-02-17T23:02:20.710Z] Database backup successful.
[2026-02-17T23:04:18.202Z] Starting autosave cycle...
[2026-02-17T23:04:18.231Z] Changes detected. Creating autosave commit...
[2026-02-17T23:04:18.289Z] Git commit successful on branch: work-in-progress
[2026-02-17T23:04:18.289Z] Triggering database backup...
📦 Starting database backup: 2026-02-17

  Backing up clients...
  ✅ Backed up clients: 5 records
  Backing up intakes...
  ✅ Backed up intakes: 5 records
  Backing up client_assignments...
  ❌ Error backing up client_assignments: Could not find the table 'public.client_assignments' in the schema cache
  Backing up supervisor_actions...
  ❌ Error backing up supervisor_actions: Could not find the table 'public.supervisor_actions' in the schema cache
  Backing up profiles...
  ✅ Backed up profiles: 4 records
  Backing up notifications...
  ✅ Backed up notifications: 0 records

✅ Backup complete! Files saved to: /home/kfussell/Documents/Intake/backups/2026-02-17
[2026-02-17T23:04:19.747Z] Database backup successful.
[2026-02-17T23:06:18.207Z] Starting autosave cycle...
[2026-02-17T23:06:18.283Z] Changes detected. Creating autosave commit...
[2026-02-17T23:06:18.420Z] Git commit successful on branch: work-in-progress
[2026-02-17T23:06:18.420Z] Triggering database backup...
📦 Starting database backup: 2026-02-17

  Backing up clients...
  ✅ Backed up clients: 5 records
  Backing up intakes...
  ✅ Backed up intakes: 5 records
  Backing up client_assignments...
  ❌ Error backing up client_assignments: Could not find the table 'public.client_assignments' in the schema cache
  Backing up supervisor_actions...
  ❌ Error backing up supervisor_actions: Could not find the table 'public.supervisor_actions' in the schema cache
  Backing up profiles...
  ✅ Backed up profiles: 4 records
  Backing up notifications...
  ✅ Backed up notifications: 0 records

✅ Backup complete! Files saved to: /home/kfussell/Documents/Intake/backups/2026-02-17
[2026-02-17T23:06:20.333Z] Database backup successful.
[2026-02-17T23:08:18.210Z] Starting autosave cycle...
[2026-02-17T23:08:18.254Z] Changes detected. Creating autosave commit...
[2026-02-17T23:08:18.324Z] Git commit successful on branch: work-in-progress
[2026-02-17T23:08:18.324Z] Triggering database backup...
📦 Starting database backup: 2026-02-17

  Backing up clients...
  ✅ Backed up clients: 5 records
  Backing up intakes...
  ✅ Backed up intakes: 5 records
  Backing up client_assignments...
  ❌ Error backing up client_assignments: Could not find the table 'public.client_assignments' in the schema cache
  Backing up supervisor_actions...
  ❌ Error backing up supervisor_actions: Could not find the table 'public.supervisor_actions' in the schema cache
  Backing up profiles...
  ✅ Backed up profiles: 4 records
  Backing up notifications...
  ✅ Backed up notifications: 0 records

✅ Backup complete! Files saved to: /home/kfussell/Documents/Intake/backups/2026-02-17
[2026-02-17T23:08:20.367Z] Database backup successful.
[2026-02-17T23:10:18.211Z] Starting autosave cycle...
[2026-02-17T23:10:18.280Z] Changes detected. Creating autosave commit...
[2026-02-17T23:10:18.398Z] Git commit successful on branch: work-in-progress
[2026-02-17T23:10:18.398Z] Triggering database backup...
📦 Starting database backup: 2026-02-17

  Backing up clients...
  ✅ Backed up clients: 5 records
  Backing up intakes...
  ✅ Backed up intakes: 5 records
  Backing up client_assignments...
  ❌ Error backing up client_assignments: Could not find the table 'public.client_assignments' in the schema cache
  Backing up supervisor_actions...
  ❌ Error backing up supervisor_actions: Could not find the table 'public.supervisor_actions' in the schema cache
  Backing up profiles...
  ✅ Backed up profiles: 4 records
  Backing up notifications...
  ✅ Backed up notifications: 0 records

✅ Backup complete! Files saved to: /home/kfussell/Documents/Intake/backups/2026-02-17
[2026-02-17T23:10:21.073Z] Database backup successful.
[2026-02-17T23:12:18.211Z] Starting autosave cycle...
[2026-02-17T23:12:18.244Z] Changes detected. Creating autosave commit...
[2026-02-17T23:12:18.319Z] Git commit successful on branch: work-in-progress
[2026-02-17T23:12:18.319Z] Triggering database backup...
📦 Starting database backup: 2026-02-17

  Backing up clients...
  ✅ Backed up clients: 5 records
  Backing up intakes...
  ✅ Backed up intakes: 5 records
  Backing up client_assignments...
  ❌ Error backing up client_assignments: Could not find the table 'public.client_assignments' in the schema cache
  Backing up supervisor_actions...
  ❌ Error backing up supervisor_actions: Could not find the table 'public.supervisor_actions' in the schema cache
  Backing up profiles...
  ✅ Backed up profiles: 4 records
  Backing up notifications...
  ✅ Backed up notifications: 0 records

✅ Backup complete! Files saved to: /home/kfussell/Documents/Intake/backups/2026-02-17
[2026-02-17T23:12:20.102Z] Database backup successful.
[2026-02-17T23:14:18.217Z] Starting autosave cycle...
[2026-02-17T23:14:18.261Z] Changes detected. Creating autosave commit...
[2026-02-17T23:14:18.342Z] Git commit successful on branch: work-in-progress
[2026-02-17T23:14:18.342Z] Triggering database backup...
📦 Starting database backup: 2026-02-17

  Backing up clients...
  ✅ Backed up clients: 5 records
  Backing up intakes...
  ✅ Backed up intakes: 5 records
  Backing up client_assignments...
  ❌ Error backing up client_assignments: Could not find the table 'public.client_assignments' in the schema cache
  Backing up supervisor_actions...
  ❌ Error backing up supervisor_actions: Could not find the table 'public.supervisor_actions' in the schema cache
  Backing up profiles...
  ✅ Backed up profiles: 4 records
  Backing up notifications...
  ✅ Backed up notifications: 0 records

✅ Backup complete! Files saved to: /home/kfussell/Documents/Intake/backups/2026-02-17
[2026-02-17T23:14:19.909Z] Database backup successful.
[2026-02-17T23:16:18.221Z] Starting autosave cycle...
[2026-02-17T23:16:18.282Z] Changes detected. Creating autosave commit...
[2026-02-17T23:16:18.364Z] Git commit successful on branch: work-in-progress
[2026-02-17T23:16:18.364Z] Triggering database backup...
📦 Starting database backup: 2026-02-17

  Backing up clients...
  ✅ Backed up clients: 5 records
  Backing up intakes...
  ✅ Backed up intakes: 5 records
  Backing up client_assignments...
  ❌ Error backing up client_assignments: Could not find the table 'public.client_assignments' in the schema cache
  Backing up supervisor_actions...
  ❌ Error backing up supervisor_actions: Could not find the table 'public.supervisor_actions' in the schema cache
  Backing up profiles...
  ✅ Backed up profiles: 4 records
  Backing up notifications...
  ✅ Backed up notifications: 0 records

✅ Backup complete! Files saved to: /home/kfussell/Documents/Intake/backups/2026-02-17
[2026-02-17T23:16:20.973Z] Database backup successful.
[2026-02-17T23:18:18.224Z] Starting autosave cycle...
[2026-02-17T23:18:18.259Z] Changes detected. Creating autosave commit...
[2026-02-17T23:18:18.319Z] Git commit successful on branch: work-in-progress
[2026-02-17T23:18:18.319Z] Triggering database backup...
📦 Starting database backup: 2026-02-17

  Backing up clients...
  ✅ Backed up clients: 5 records
  Backing up intakes...
  ✅ Backed up intakes: 5 records
  Backing up client_assignments...
  ❌ Error backing up client_assignments: Could not find the table 'public.client_assignments' in the schema cache
  Backing up supervisor_actions...
  ❌ Error backing up supervisor_actions: Could not find the table 'public.supervisor_actions' in the schema cache
  Backing up profiles...
  ✅ Backed up profiles: 4 records
  Backing up notifications...
  ✅ Backed up notifications: 0 records

✅ Backup complete! Files saved to: /home/kfussell/Documents/Intake/backups/2026-02-17
[2026-02-17T23:18:20.242Z] Database backup successful.
[2026-02-17T23:20:18.226Z] Starting autosave cycle...
[2026-02-17T23:20:18.263Z] Changes detected. Creating autosave commit...
[2026-02-17T23:20:18.332Z] Git commit successful on branch: work-in-progress
[2026-02-17T23:20:18.332Z] Triggering database backup...
📦 Starting database backup: 2026-02-17

  Backing up clients...
  ✅ Backed up clients: 5 records
  Backing up intakes...
  ✅ Backed up intakes: 5 records
  Backing up client_assignments...
  ❌ Error backing up client_assignments: Could not find the table 'public.client_assignments' in the schema cache
  Backing up supervisor_actions...
  ❌ Error backing up supervisor_actions: Could not find the table 'public.supervisor_actions' in the schema cache
  Backing up profiles...
  ✅ Backed up profiles: 4 records
  Backing up notifications...
  ✅ Backed up notifications: 0 records

✅ Backup complete! Files saved to: /home/kfussell/Documents/Intake/backups/2026-02-17
[2026-02-17T23:20:20.666Z] Database backup successful.
[2026-02-17T23:22:18.234Z] Starting autosave cycle...
[2026-02-17T23:22:18.267Z] Changes detected. Creating autosave commit...
[2026-02-17T23:22:18.333Z] Git commit successful on branch: work-in-progress
[2026-02-17T23:22:18.334Z] Triggering database backup...
📦 Starting database backup: 2026-02-17

  Backing up clients...
  ✅ Backed up clients: 6 records
  Backing up intakes...
  ✅ Backed up intakes: 6 records
  Backing up client_assignments...
  ❌ Error backing up client_assignments: Could not find the table 'public.client_assignments' in the schema cache
  Backing up supervisor_actions...
  ❌ Error backing up supervisor_actions: Could not find the table 'public.supervisor_actions' in the schema cache
  Backing up profiles...
  ✅ Backed up profiles: 4 records
  Backing up notifications...
  ✅ Backed up notifications: 0 records

✅ Backup complete! Files saved to: /home/kfussell/Documents/Intake/backups/2026-02-17
[2026-02-17T23:22:21.141Z] Database backup successful.
[2026-02-17T23:24:18.237Z] Starting autosave cycle...
[2026-02-17T23:24:18.285Z] Changes detected. Creating autosave commit...
[2026-02-17T23:24:18.361Z] Git commit successful on branch: work-in-progress
[2026-02-17T23:24:18.361Z] Triggering database backup...
📦 Starting database backup: 2026-02-17

  Backing up clients...
  ✅ Backed up clients: 6 records
  Backing up intakes...
  ✅ Backed up intakes: 6 records
  Backing up client_assignments...
  ❌ Error backing up client_assignments: Could not find the table 'public.client_assignments' in the schema cache
  Backing up supervisor_actions...
  ❌ Error backing up supervisor_actions: Could not find the table 'public.supervisor_actions' in the schema cache
  Backing up profiles...
  ✅ Backed up profiles: 4 records
  Backing up notifications...
  ✅ Backed up notifications: 0 records

✅ Backup complete! Files saved to: /home/kfussell/Documents/Intake/backups/2026-02-17
[2026-02-17T23:24:20.223Z] Database backup successful.
[2026-02-17T23:26:18.239Z] Starting autosave cycle...
[2026-02-17T23:26:18.379Z] Changes detected. Creating autosave commit...
[2026-02-17T23:26:18.475Z] Git commit successful on branch: work-in-progress
[2026-02-17T23:26:18.475Z] Triggering database backup...
📦 Starting database backup: 2026-02-17

  Backing up clients...
  ✅ Backed up clients: 6 records
  Backing up intakes...
  ✅ Backed up intakes: 6 records
  Backing up client_assignments...
  ❌ Error backing up client_assignments: Could not find the table 'public.client_assignments' in the schema cache
  Backing up supervisor_actions...
  ❌ Error backing up supervisor_actions: Could not find the table 'public.supervisor_actions' in the schema cache
  Backing up profiles...
  ✅ Backed up profiles: 4 records
  Backing up notifications...
  ✅ Backed up notifications: 0 records

✅ Backup complete! Files saved to: /home/kfussell/Documents/Intake/backups/2026-02-17
[2026-02-17T23:26:20.724Z] Database backup successful.
[2026-02-17T23:28:18.239Z] Starting autosave cycle...
[2026-02-17T23:28:18.324Z] Changes detected. Creating autosave commit...
[2026-02-17T23:28:18.443Z] Git commit successful on branch: work-in-progress
[2026-02-17T23:28:18.443Z] Triggering database backup...
📦 Starting database backup: 2026-02-17

  Backing up clients...
  ✅ Backed up clients: 6 records
  Backing up intakes...
  ✅ Backed up intakes: 6 records
  Backing up client_assignments...
  ❌ Error backing up client_assignments: Could not find the table 'public.client_assignments' in the schema cache
  Backing up supervisor_actions...
  ❌ Error backing up supervisor_actions: Could not find the table 'public.supervisor_actions' in the schema cache
  Backing up profiles...
  ✅ Backed up profiles: 4 records
  Backing up notifications...
  ✅ Backed up notifications: 0 records

✅ Backup complete! Files saved to: /home/kfussell/Documents/Intake/backups/2026-02-17
[2026-02-17T23:28:20.114Z] Database backup successful.
[2026-02-17T23:30:18.245Z] Starting autosave cycle...
[2026-02-17T23:30:18.311Z] Changes detected. Creating autosave commit...
[2026-02-17T23:30:18.437Z] Git commit successful on branch: work-in-progress
[2026-02-17T23:30:18.438Z] Triggering database backup...
📦 Starting database backup: 2026-02-17

  Backing up clients...
  ✅ Backed up clients: 6 records
  Backing up intakes...
  ✅ Backed up intakes: 6 records
  Backing up client_assignments...
  ❌ Error backing up client_assignments: Could not find the table 'public.client_assignments' in the schema cache
  Backing up supervisor_actions...
  ❌ Error backing up supervisor_actions: Could not find the table 'public.supervisor_actions' in the schema cache
  Backing up profiles...
  ✅ Backed up profiles: 4 records
  Backing up notifications...
  ✅ Backed up notifications: 0 records

✅ Backup complete! Files saved to: /home/kfussell/Documents/Intake/backups/2026-02-17
[2026-02-17T23:30:20.618Z] Database backup successful.
[2026-02-17T23:32:18.249Z] Starting autosave cycle...
[2026-02-17T23:32:18.306Z] Changes detected. Creating autosave commit...
[2026-02-17T23:32:18.417Z] Git commit successful on branch: work-in-progress
[2026-02-17T23:32:18.417Z] Triggering database backup...
📦 Starting database backup: 2026-02-17

  Backing up clients...
  ✅ Backed up clients: 6 records
  Backing up intakes...
  ✅ Backed up intakes: 6 records
  Backing up client_assignments...
  ❌ Error backing up client_assignments: Could not find the table 'public.client_assignments' in the schema cache
  Backing up supervisor_actions...
  ❌ Error backing up supervisor_actions: Could not find the table 'public.supervisor_actions' in the schema cache
  Backing up profiles...
  ✅ Backed up profiles: 4 records
  Backing up notifications...
  ✅ Backed up notifications: 0 records

✅ Backup complete! Files saved to: /home/kfussell/Documents/Intake/backups/2026-02-17
[2026-02-17T23:32:21.813Z] Database backup successful.
[2026-02-17T23:34:18.252Z] Starting autosave cycle...
[2026-02-17T23:34:18.495Z] Changes detected. Creating autosave commit...
[2026-02-17T23:34:18.689Z] Git commit successful on branch: work-in-progress
[2026-02-17T23:34:18.690Z] Triggering database backup...
📦 Starting database backup: 2026-02-17

  Backing up clients...
  ✅ Backed up clients: 6 records
  Backing up intakes...
  ✅ Backed up intakes: 6 records
  Backing up client_assignments...
  ❌ Error backing up client_assignments: Could not find the table 'public.client_assignments' in the schema cache
  Backing up supervisor_actions...
  ❌ Error backing up supervisor_actions: Could not find the table 'public.supervisor_actions' in the schema cache
  Backing up profiles...
  ✅ Backed up profiles: 4 records
  Backing up notifications...
  ✅ Backed up notifications: 0 records

✅ Backup complete! Files saved to: /home/kfussell/Documents/Intake/backups/2026-02-17
[2026-02-17T23:34:21.700Z] Database backup successful.
[2026-02-17T23:36:18.252Z] Starting autosave cycle...
[2026-02-17T23:36:18.304Z] Changes detected. Creating autosave commit...
[2026-02-17T23:36:18.437Z] Git commit successful on branch: work-in-progress
[2026-02-17T23:36:18.437Z] Triggering database backup...
📦 Starting database backup: 2026-02-17

  Backing up clients...
  ✅ Backed up clients: 6 records
  Backing up intakes...
  ✅ Backed up intakes: 6 records
  Backing up client_assignments...
  ❌ Error backing up client_assignments: Could not find the table 'public.client_assignments' in the schema cache
  Backing up supervisor_actions...
  ❌ Error backing up supervisor_actions: Could not find the table 'public.supervisor_actions' in the schema cache
  Backing up profiles...
  ✅ Backed up profiles: 4 records
  Backing up notifications...
  ✅ Backed up notifications: 0 records

✅ Backup complete! Files saved to: /home/kfussell/Documents/Intake/backups/2026-02-17
[2026-02-17T23:36:20.873Z] Database backup successful.
[2026-02-17T23:38:18.291Z] Starting autosave cycle...
[2026-02-17T23:38:19.616Z] Changes detected. Creating autosave commit...
[2026-02-17T23:38:21.151Z] Git commit successful on branch: work-in-progress
[2026-02-17T23:38:21.159Z] Triggering database backup...
📦 Starting database backup: 2026-02-17

  Backing up clients...
  ✅ Backed up clients: 6 records
  Backing up intakes...
  ✅ Backed up intakes: 6 records
  Backing up client_assignments...
  ❌ Error backing up client_assignments: Could not find the table 'public.client_assignments' in the schema cache
  Backing up supervisor_actions...
  ❌ Error backing up supervisor_actions: Could not find the table 'public.supervisor_actions' in the schema cache
  Backing up profiles...
  ✅ Backed up profiles: 4 records
  Backing up notifications...
  ✅ Backed up notifications: 0 records

✅ Backup complete! Files saved to: /home/kfussell/Documents/Intake/backups/2026-02-17
[2026-02-17T23:38:29.803Z] Database backup successful.
[2026-02-17T23:40:18.294Z] Starting autosave cycle...
[2026-02-17T23:40:18.556Z] Changes detected. Creating autosave commit...
[2026-02-17T23:40:18.721Z] Git commit successful on branch: work-in-progress
[2026-02-17T23:40:18.721Z] Triggering database backup...
📦 Starting database backup: 2026-02-17

  Backing up clients...
  ✅ Backed up clients: 6 records
  Backing up intakes...
  ✅ Backed up intakes: 6 records
  Backing up client_assignments...
  ❌ Error backing up client_assignments: Could not find the table 'public.client_assignments' in the schema cache
  Backing up supervisor_actions...
  ❌ Error backing up supervisor_actions: Could not find the table 'public.supervisor_actions' in the schema cache
  Backing up profiles...
  ✅ Backed up profiles: 4 records
  Backing up notifications...
  ✅ Backed up notifications: 0 records

✅ Backup complete! Files saved to: /home/kfussell/Documents/Intake/backups/2026-02-17
[2026-02-17T23:41:08.555Z] Database backup successful.
[2026-02-17T23:42:18.296Z] Starting autosave cycle...
[2026-02-17T23:42:18.455Z] Changes detected. Creating autosave commit...
[2026-02-17T23:42:18.519Z] Git commit successful on branch: work-in-progress
[2026-02-17T23:42:18.519Z] Triggering database backup...
📦 Starting database backup: 2026-02-17

  Backing up clients...
  ✅ Backed up clients: 6 records
  Backing up intakes...
  ✅ Backed up intakes: 6 records
  Backing up client_assignments...
  ❌ Error backing up client_assignments: Could not find the table 'public.client_assignments' in the schema cache
  Backing up supervisor_actions...
  ❌ Error backing up supervisor_actions: Could not find the table 'public.supervisor_actions' in the schema cache
  Backing up profiles...
  ✅ Backed up profiles: 4 records
  Backing up notifications...
  ✅ Backed up notifications: 0 records

✅ Backup complete! Files saved to: /home/kfussell/Documents/Intake/backups/2026-02-17
[2026-02-17T23:42:19.580Z] Database backup successful.
[2026-02-17T23:44:18.299Z] Starting autosave cycle...
[2026-02-17T23:44:18.327Z] Changes detected. Creating autosave commit...
[2026-02-17T23:44:18.378Z] Git commit successful on branch: work-in-progress
[2026-02-17T23:44:18.378Z] Triggering database backup...
📦 Starting database backup: 2026-02-17

  Backing up clients...
  ✅ Backed up clients: 6 records
  Backing up intakes...
  ✅ Backed up intakes: 6 records
  Backing up client_assignments...
  ❌ Error backing up client_assignments: Could not find the table 'public.client_assignments' in the schema cache
  Backing up supervisor_actions...
  ❌ Error backing up supervisor_actions: Could not find the table 'public.supervisor_actions' in the schema cache
  Backing up profiles...
  ✅ Backed up profiles: 4 records
  Backing up notifications...
  ✅ Backed up notifications: 0 records

✅ Backup complete! Files saved to: /home/kfussell/Documents/Intake/backups/2026-02-17
[2026-02-17T23:44:19.440Z] Database backup successful.
[2026-02-17T23:46:18.317Z] Starting autosave cycle...
[2026-02-17T23:46:18.527Z] Changes detected. Creating autosave commit...
[2026-02-17T23:46:18.596Z] Git commit successful on branch: work-in-progress
[2026-02-17T23:46:18.596Z] Triggering database backup...
📦 Starting database backup: 2026-02-17

  Backing up clients...
  ✅ Backed up clients: 6 records
  Backing up intakes...
  ✅ Backed up intakes: 6 records
  Backing up client_assignments...
  ❌ Error backing up client_assignments: Could not find the table 'public.client_assignments' in the schema cache
  Backing up supervisor_actions...
  ❌ Error backing up supervisor_actions: Could not find the table 'public.supervisor_actions' in the schema cache
  Backing up profiles...
  ✅ Backed up profiles: 4 records
  Backing up notifications...
  ✅ Backed up notifications: 0 records

✅ Backup complete! Files saved to: /home/kfussell/Documents/Intake/backups/2026-02-17
[2026-02-17T23:46:25.015Z] Database backup successful.
[2026-02-17T23:48:23.455Z] Starting autosave cycle...
[2026-02-26T20:41:18Z] Autosave daemon started. Interval: 120s
[2026-02-26T20:41:18Z] Starting autosave cycle...
